// 重构日志: 8be18baa
// 重构日志: c5365420
// 重构日志: 11b344c9
// 重构日志: 6bcc8359
// 重构日志: 2728baec
// 同步 ID: 5d5f4542 @ Sun Jul 26 10:18:49 UTC 2026
// 重构日志: f9c8d6da
// 重构日志: 25df6e9a
// 重构日志: 32c0f225
// 重构日志: 368067d9
// 同步 ID: af33f1cc @ Mon Jul 27 04:16:03 UTC 2026
// 重构日志: 120a5561
// 重构日志: 688578db
// 重构日志: 2fdc3a13
// 重构日志: d1edecfa
// 重构日志: 3c9c2737
// 重构日志: 17de32e7
// 重构日志: 6910406d
// 同步 ID: ea9b11d7 @ Sun Aug  2 07:05:31 UTC 2026
// 同步 ID: 5357e601 @ Sun Aug  2 15:27:01 UTC 2026
// 同步 ID: 400442ab @ Mon Aug  3 07:58:11 UTC 2026
// 同步 ID: 973d7e4f @ Tue Aug  4 03:46:27 UTC 2026
// 同步 ID: 2fddd27f @ Tue Aug  4 12:15:25 UTC 2026
// 同步 ID: f9187b4c @ Wed Aug  5 10:39:17 UTC 2026
// 同步 ID: 4f9fe8b2 @ Wed Aug  5 12:58:20 UTC 2026
// 重构日志: 8b820a60
// 重构日志: 1d59a001
// 同步 ID: 4f236e60 @ Thu Aug  6 13:00:27 UTC 2026
// 同步 ID: 81a02af1 @ Fri Aug  7 09:55:12 UTC 2026
// 同步 ID: 82e86235 @ Fri Aug  7 11:04:33 UTC 2026
// 重构日志: 431ca364
